// Jest Snapshot v1, https://goo.gl/fbAQLP

exports[`a pagina de configuracao deve ser renderizada corretamente 1`] = `
<div>
  <div
    class="sc-beySbM fwcTqM"
  >
    <section
      class="sc-eDLJxc jZPBBu"
    >
      <h2>
        Vamos come√ßar!
      </h2>
      <form>
        <div
          class="sc-guDLRT lgwcrq"
        >
          <input
            placeholder="Insira os nomes dos participantes"
            type="text"
            value=""
          />
          <button
            disabled=""
          >
            Adicionar
          </button>
        </div>
        
      </form>
      <ul />
      <footer
        class="sc-hLQRIN CYAgC"
      >
        <button
          disabled=""
        >
          Iniciar brincadeira
        </button>
        <img
          alt="Sacolas de compras"
          src="/images/sacolas.png"
        />
      </footer>
    </section>
  </div>
</div>
`;
